≡ƒöä Attempting to connect to MongoDB...
node : Γ¥î Connection failed: 
querySrv ECONNREFUSED _mongodb._tcp.c
luster0.wlyiqz9.mongodb.net
At line:1 char:1
+ node test_mongo.js > 
test_output.txt 2>&1
+ ~~~~~~~~~~~~~~~~~~~~~~~~~~~~~~~~~~~
~~~~~~
    + CategoryInfo          : NotSpe 
   cified: (Γ¥î Connection ...qz9.m  
  ongodb.net:String) [], RemoteExc   
 eption
    + FullyQualifiedErrorId : Native 
   CommandError
 
